WARNING: Failed to find function "__sanitizer_acquire_crash_state".
WARNING: Failed to find function "__sanitizer_print_stack_trace".
WARNING: Failed to find function "__sanitizer_set_death_callback".
INFO: Running with entropic power schedule (0xFF, 100).
INFO: Seed: 2298143839
MERGE-OUTER: 1379 files, 0 in the initial corpus, 0 processed earlier
MERGE-OUTER: attempt 1
WARNING: Failed to find function "__sanitizer_acquire_crash_state".
WARNING: Failed to find function "__sanitizer_print_stack_trace".
WARNING: Failed to find function "__sanitizer_set_death_callback".
INFO: Running with entropic power schedule (0xFF, 100).
INFO: Seed: 2298157983
INFO: -max_len is not provided; libFuzzer will not generate inputs larger than 1048576 bytes
MERGE-INNER: using the control file '/tmp/libFuzzerTemp.Merge837.txt'
MERGE-INNER: 1379 total files; 0 processed earlier; will process 1379 files now
#1	pulse  exec/s: 0 rss: 31Mb
#2	pulse  exec/s: 0 rss: 31Mb
#4	pulse  exec/s: 0 rss: 31Mb
#8	pulse  exec/s: 0 rss: 31Mb
#16	pulse  exec/s: 0 rss: 32Mb
#32	pulse  exec/s: 0 rss: 32Mb
#64	pulse  exec/s: 0 rss: 41Mb
#128	pulse  exec/s: 0 rss: 41Mb
#256	pulse  exec/s: 256 rss: 41Mb
#512	pulse  exec/s: 256 rss: 41Mb
#1024	pulse  exec/s: 35 rss: 41Mb
#1379	DONE   exec/s: 23 rss: 44Mb
MERGE-OUTER: successful in 1 attempt(s)
MERGE-OUTER: the control file has 168026 bytes
MERGE-OUTER: consumed 0Mb (31Mb rss) to parse the control file
MERGE-OUTER: 0 new files with 0 new features added; 0 new coverage edges
