WARNING: Failed to find function "__sanitizer_acquire_crash_state".
WARNING: Failed to find function "__sanitizer_print_stack_trace".
WARNING: Failed to find function "__sanitizer_set_death_callback".
INFO: Running with entropic power schedule (0xFF, 100).
INFO: Seed: 3103407172
MERGE-OUTER: 1266 files, 0 in the initial corpus, 0 processed earlier
MERGE-OUTER: attempt 1
WARNING: Failed to find function "__sanitizer_acquire_crash_state".
WARNING: Failed to find function "__sanitizer_print_stack_trace".
WARNING: Failed to find function "__sanitizer_set_death_callback".
INFO: Running with entropic power schedule (0xFF, 100).
INFO: Seed: 3103421360
INFO: -max_len is not provided; libFuzzer will not generate inputs larger than 1048576 bytes
MERGE-INNER: using the control file '/tmp/libFuzzerTemp.Merge1160.txt'
MERGE-INNER: 1266 total files; 0 processed earlier; will process 1266 files now
#1	pulse  exec/s: 0 rss: 31Mb
#2	pulse  exec/s: 0 rss: 31Mb
#4	pulse  exec/s: 0 rss: 31Mb
#8	pulse  exec/s: 0 rss: 31Mb
#16	pulse  exec/s: 0 rss: 31Mb
#32	pulse  exec/s: 0 rss: 31Mb
#64	pulse  exec/s: 0 rss: 31Mb
#128	pulse  exec/s: 0 rss: 32Mb
#256	pulse  exec/s: 0 rss: 32Mb
#512	pulse  exec/s: 0 rss: 32Mb
#1024	pulse  exec/s: 1024 rss: 32Mb
#1266	DONE   exec/s: 1266 rss: 32Mb
MERGE-OUTER: successful in 1 attempt(s)
MERGE-OUTER: the control file has 169216 bytes
MERGE-OUTER: consumed 0Mb (31Mb rss) to parse the control file
MERGE-OUTER: 0 new files with 0 new features added; 0 new coverage edges
